2025-09-29 17:08:45,907 [INFO] Activator:176 - 


2025-09-29 17:08:45,909 [INFO] Activator:177 - !SESSION log4j initialized
2025-09-29 17:08:48,006 [INFO] LogOutputStream:77 - [STDOUT_REDIRECT] 
2025-09-29 17:08:50,082 [INFO] ApplicationProperties:184 - Using Application install path: C:\ST\STM32CubeIDE_1.19.0\STM32CubeIDE\plugins\com.st.stm32cube.common.mx_6.15.0.202507011659
2025-09-29 17:08:50,097 [INFO] DbMcusXml:78 - Set database path to: C:\ST\STM32CubeIDE_1.19.0\STM32CubeIDE\plugins\com.st.stm32cube.common.mx_6.15.0.202507011659\\db\/mcu/
2025-09-29 17:08:50,097 [INFO] ApiDb:274 - Set plugin database path to: C:\ST\STM32CubeIDE_1.19.0\STM32CubeIDE\plugins\com.st.stm32cube.common.mx_6.15.0.202507011659\\db\/plugins/boardmanager/
2025-09-29 17:08:50,098 [WARN] ApiDb:259 - Overriding images path with different value:  => C:\ST\STM32CubeIDE_1.19.0\STM32CubeIDE\plugins\com.st.stm32cube.common.mx_6.15.0.202507011659\\db\/plugins/mcufinder/images/
2025-09-29 17:08:50,105 [INFO] ApiDb:250 - Set database path to: C:\Users\joe31\.stmcufinder\plugins\mcufinder//mcu/
2025-09-29 17:08:50,106 [INFO] DbMcusAds:125 - Set database path to: C:\Users\joe31\.stmcufinder\plugins\mcufinder//mcu/
2025-09-29 17:08:50,108 [INFO] CrossReferenceDbSqlite:203 - Set database path to: C:\Users\joe31\.stmcufinder\plugins\mcufinder//mcu/cs/
2025-09-29 17:08:50,214 [INFO] RulesReader:64 - Compatibility file has been processed (317 Rules)
2025-09-29 17:08:50,303 [INFO] DbMcusXml:78 - Set database path to: C:\ST\STM32CubeIDE_1.19.0\STM32CubeIDE\plugins\com.st.stm32cube.common.mx_6.15.0.202507011659\\db\/mcu/
2025-09-29 17:08:50,303 [INFO] ApiDb:274 - Set plugin database path to: C:\ST\STM32CubeIDE_1.19.0\STM32CubeIDE\plugins\com.st.stm32cube.common.mx_6.15.0.202507011659\\db\/plugins/boardmanager/
2025-09-29 17:08:50,303 [INFO] ApiDb:261 - Set plugin images path to: C:\ST\STM32CubeIDE_1.19.0\STM32CubeIDE\plugins\com.st.stm32cube.common.mx_6.15.0.202507011659\\db\/plugins/mcufinder/images/
2025-09-29 17:08:50,303 [WARN] DbFile:41 - Overriding database path with different value: C:\Users\joe31\.stmcufinder\plugins\mcufinder/ => C:\Users\joe31\.stmcufinder\plugins\mcufinder
2025-09-29 17:08:50,303 [INFO] ApiDb:250 - Set database path to: C:\Users\joe31\.stmcufinder\plugins\mcufinder//mcu/
2025-09-29 17:08:50,303 [WARN] DbFile:41 - Overriding database path with different value: C:\Users\joe31\.stmcufinder\plugins\mcufinder/ => C:\Users\joe31\.stmcufinder\plugins\mcufinder
2025-09-29 17:08:50,303 [INFO] DbMcusAds:125 - Set database path to: C:\Users\joe31\.stmcufinder\plugins\mcufinder//mcu/
2025-09-29 17:08:50,303 [WARN] DbFile:41 - Overriding database path with different value: C:\Users\joe31\.stmcufinder\plugins\mcufinder/ => C:\Users\joe31\.stmcufinder\plugins\mcufinder
2025-09-29 17:08:50,304 [WARN] DbFile:41 - Overriding database path with different value: C:\Users\joe31\.stmcufinder\plugins\mcufinder/ => C:\Users\joe31\.stmcufinder\plugins\mcufinder
2025-09-29 17:08:50,304 [INFO] CrossReferenceDbSqlite:203 - Set database path to: C:\Users\joe31\.stmcufinder\plugins\mcufinder//mcu/cs/
2025-09-29 17:08:50,364 [INFO] MainPanel:274 - HeapMemory: 268435456
2025-09-29 17:08:50,438 [INFO] DbMcusXml:78 - Set database path to: C:\ST\STM32CubeIDE_1.19.0\STM32CubeIDE\plugins\com.st.stm32cube.common.mx_6.15.0.202507011659\\db\/mcu/
2025-09-29 17:08:50,438 [INFO] ApiDb:274 - Set plugin database path to: C:\ST\STM32CubeIDE_1.19.0\STM32CubeIDE\plugins\com.st.stm32cube.common.mx_6.15.0.202507011659\\db\/plugins/boardmanager/
2025-09-29 17:08:50,438 [INFO] ApiDb:261 - Set plugin images path to: C:\ST\STM32CubeIDE_1.19.0\STM32CubeIDE\plugins\com.st.stm32cube.common.mx_6.15.0.202507011659\\db\/plugins/mcufinder/images/
2025-09-29 17:08:50,438 [WARN] DbFile:41 - Overriding database path with different value: C:\Users\joe31\.stmcufinder\plugins\mcufinder/ => C:\Users\joe31\.stmcufinder\plugins\mcufinder
2025-09-29 17:08:50,438 [INFO] ApiDb:250 - Set database path to: C:\Users\joe31\.stmcufinder\plugins\mcufinder//mcu/
2025-09-29 17:08:50,438 [WARN] DbFile:41 - Overriding database path with different value: C:\Users\joe31\.stmcufinder\plugins\mcufinder/ => C:\Users\joe31\.stmcufinder\plugins\mcufinder
2025-09-29 17:08:50,438 [INFO] DbMcusAds:125 - Set database path to: C:\Users\joe31\.stmcufinder\plugins\mcufinder//mcu/
2025-09-29 17:08:50,439 [WARN] DbFile:41 - Overriding database path with different value: C:\Users\joe31\.stmcufinder\plugins\mcufinder/ => C:\Users\joe31\.stmcufinder\plugins\mcufinder
2025-09-29 17:08:50,439 [WARN] DbFile:41 - Overriding database path with different value: C:\Users\joe31\.stmcufinder\plugins\mcufinder/ => C:\Users\joe31\.stmcufinder\plugins\mcufinder
2025-09-29 17:08:50,439 [INFO] CrossReferenceDbSqlite:203 - Set database path to: C:\Users\joe31\.stmcufinder\plugins\mcufinder//mcu/cs/
2025-09-29 17:08:50,454 [INFO] ApplicationProperties:184 - Using Application install path: C:\ST\STM32CubeIDE_1.19.0\STM32CubeIDE\plugins\com.st.stm32cube.common.mx_6.15.0.202507011659
2025-09-29 17:08:50,455 [INFO] PluginManage:196 - Search for loadable plugins [exclusion list=, ]
2025-09-29 17:08:50,456 [INFO] PluginManage:310 - Check plugin analytics
2025-09-29 17:08:50,656 [INFO] AnalyticsPlugin:253 - Accepted Software Licenses: STM32CubeMX.6.15.0
2025-09-29 17:08:50,657 [INFO] AnalyticsPlugin:255 - Accepted CMSIS Pack Licenses: 
2025-09-29 17:08:50,657 [INFO] AnalyticsPlugin:257 - Accepted Firmware Licenses: 
2025-09-29 17:08:50,663 [INFO] PluginManage:359 - Loaded plugin analytics (category:tool,tabindex:-1)
2025-09-29 17:08:50,663 [INFO] PluginManage:310 - Check plugin cadmodel
2025-09-29 17:08:50,670 [INFO] CADModel:105 - Init CAD model plugin
2025-09-29 17:08:50,670 [INFO] PluginManage:359 - Loaded plugin cadmodel (category:power,tabindex:5)
2025-09-29 17:08:50,670 [INFO] PluginManage:310 - Check plugin clock
2025-09-29 17:08:50,684 [INFO] PluginManage:359 - Loaded plugin clock (category:base,tabindex:2)
2025-09-29 17:08:50,685 [INFO] PluginManage:310 - Check plugin ddr
2025-09-29 17:08:50,688 [INFO] PluginManage:359 - Loaded plugin ddr (category:tool,tabindex:6)
2025-09-29 17:08:50,689 [INFO] PluginManage:310 - Check plugin filemanager
2025-09-29 17:08:50,819 [INFO] PluginManage:359 - Loaded plugin filemanager (category:base,tabindex:10)
2025-09-29 17:08:50,819 [INFO] PluginManage:310 - Check plugin ipmanager
2025-09-29 17:08:50,825 [INFO] PluginManage:359 - Loaded plugin ipmanager (category:base,tabindex:5)
2025-09-29 17:08:50,826 [INFO] PluginManage:310 - Check plugin lpbam
2025-09-29 17:08:50,832 [INFO] PluginManage:359 - Loaded plugin lpbam (category:base,tabindex:0)
2025-09-29 17:08:50,832 [INFO] PluginManage:310 - Check plugin memorymap
2025-09-29 17:08:50,842 [INFO] PluginManage:359 - Loaded plugin memorymap (category:base,tabindex:4)
2025-09-29 17:08:50,842 [INFO] PluginManage:310 - Check plugin pinoutandconfiguration
2025-09-29 17:08:50,849 [INFO] PluginManage:359 - Loaded plugin pinoutandconfiguration (category:base,tabindex:1)
2025-09-29 17:08:50,849 [INFO] PluginManage:310 - Check plugin pinoutconfig
2025-09-29 17:08:50,920 [WARN] SupportedApi:132 - Cannot load RTOS API schema: s4s-elt-must-match.1: The content of 'definitions' must match (annotation?, (simpleType | complexType)?, (unique | key | keyref)*)). A problem was found starting at: attribute.
2025-09-29 17:08:51,031 [INFO] PluginManage:359 - Loaded plugin pinoutconfig (category:base,tabindex:0)
2025-09-29 17:08:51,031 [INFO] PluginManage:310 - Check plugin power
2025-09-29 17:08:51,037 [INFO] PluginManage:359 - Loaded plugin power (category:power,tabindex:4)
2025-09-29 17:08:51,037 [INFO] PluginManage:310 - Check plugin projectmanager
2025-09-29 17:08:51,054 [INFO] PluginManage:359 - Loaded plugin projectmanager (category:projectmanager,tabindex:4)
2025-09-29 17:08:51,055 [INFO] PluginManage:310 - Check plugin rif
2025-09-29 17:08:51,063 [INFO] PluginManage:359 - Loaded plugin rif (category:base,tabindex:3)
2025-09-29 17:08:51,063 [INFO] PluginManage:310 - Check plugin thirdparty
2025-09-29 17:08:51,184 [INFO] PluginManage:359 - Loaded plugin thirdparty (category:base,tabindex:-1)
2025-09-29 17:08:51,184 [WARN] IntegrityCheckThread:84 - waiting for thirdparty lock release [integrity check]
2025-09-29 17:08:51,184 [INFO] PluginManage:310 - Check plugin tools
2025-09-29 17:08:51,184 [INFO] IntegrityCheckThread:86 - entering critical section [integrity check]
2025-09-29 17:08:51,185 [INFO] ThirdPartyUpdaterWithRetryManager:70 - Updater plugin not ready yet. [1/15]
2025-09-29 17:08:51,188 [INFO] PluginManage:359 - Loaded plugin tools (category:base,tabindex:7)
2025-09-29 17:08:51,188 [INFO] PluginManage:310 - Check plugin tutovideos
2025-09-29 17:08:51,342 [INFO] PluginManage:359 - Loaded plugin tutovideos (category:base,tabindex:-1)
2025-09-29 17:08:51,343 [INFO] PluginManage:310 - Check plugin updater
2025-09-29 17:08:51,363 [INFO] PluginManage:359 - Loaded plugin updater (category:base,tabindex:12)
2025-09-29 17:08:51,363 [INFO] PluginManage:310 - Check plugin userauth
2025-09-29 17:08:51,367 [INFO] UserAuth:118 - Init User Auth plugin
2025-09-29 17:08:51,368 [INFO] PluginManage:359 - Loaded plugin userauth (category:base,tabindex:14)
2025-09-29 17:08:51,369 [INFO] PluginManage:283 - PluginManage : Loaded plugins [18]
2025-09-29 17:08:51,553 [INFO] PinOutPanel:1589 - setPackage(No Configuration,No Configuration)
2025-09-29 17:08:51,631 [INFO] CADModel:165 - CPN selected for project level
2025-09-29 17:08:51,631 [INFO] CADModel:114 - Register for checkConnection events
2025-09-29 17:08:51,648 [INFO] IPUIPlugin:80 - create IPUIPlugin
2025-09-29 17:08:51,648 [INFO] PluginManager:220 - loadIPPluginJar : add adc
2025-09-29 17:08:51,651 [INFO] IPUIPlugin:80 - create IPUIPlugin
2025-09-29 17:08:51,652 [INFO] PluginManager:220 - loadIPPluginJar : add aes
2025-09-29 17:08:51,655 [INFO] IPUIPlugin:80 - create IPUIPlugin
2025-09-29 17:08:51,655 [INFO] PluginManager:220 - loadIPPluginJar : add can
2025-09-29 17:08:51,657 [INFO] IPUIPlugin:80 - create IPUIPlugin
2025-09-29 17:08:51,657 [INFO] PluginManager:220 - loadIPPluginJar : add comp
2025-09-29 17:08:51,660 [INFO] IPUIPlugin:80 - create IPUIPlugin
2025-09-29 17:08:51,660 [INFO] PluginManager:220 - loadIPPluginJar : add cryp
2025-09-29 17:08:51,663 [INFO] IPUIPlugin:80 - create IPUIPlugin
2025-09-29 17:08:51,663 [INFO] PluginManager:220 - loadIPPluginJar : add ddr_ctrl_phy
2025-09-29 17:08:51,666 [INFO] IPUIPlugin:80 - create IPUIPlugin
2025-09-29 17:08:51,666 [INFO] PluginManager:220 - loadIPPluginJar : add dfsdm
2025-09-29 17:08:51,672 [INFO] IPUIPlugin:80 - create IPUIPlugin
2025-09-29 17:08:51,674 [INFO] PluginManager:220 - loadIPPluginJar : add dma
2025-09-29 17:08:51,677 [INFO] IPUIPlugin:80 - create IPUIPlugin
2025-09-29 17:08:51,677 [INFO] PluginManager:220 - loadIPPluginJar : add dma3
2025-09-29 17:08:51,680 [INFO] IPUIPlugin:80 - create IPUIPlugin
2025-09-29 17:08:51,681 [INFO] PluginManager:220 - loadIPPluginJar : add extmemmanager
2025-09-29 17:08:51,682 [INFO] IPUIPlugin:80 - create IPUIPlugin
2025-09-29 17:08:51,683 [INFO] PluginManager:220 - loadIPPluginJar : add fatfs
2025-09-29 17:08:51,687 [INFO] IPUIPlugin:80 - create IPUIPlugin
2025-09-29 17:08:51,687 [INFO] PluginManager:220 - loadIPPluginJar : add fmc
2025-09-29 17:08:51,693 [INFO] IPUIPlugin:80 - create IPUIPlugin
2025-09-29 17:08:51,693 [INFO] PluginManager:220 - loadIPPluginJar : add freertos
2025-09-29 17:08:51,695 [INFO] IPUIPlugin:80 - create IPUIPlugin
2025-09-29 17:08:51,695 [INFO] PluginManager:220 - loadIPPluginJar : add genericplugin
2025-09-29 17:08:51,697 [INFO] IPUIPlugin:80 - create IPUIPlugin
2025-09-29 17:08:51,697 [INFO] PluginManager:220 - loadIPPluginJar : add gfxmmu
2025-09-29 17:08:51,702 [INFO] IPUIPlugin:80 - create IPUIPlugin
2025-09-29 17:08:51,703 [INFO] PluginManager:220 - loadIPPluginJar : add gic
2025-09-29 17:08:51,706 [INFO] IPUIPlugin:80 - create IPUIPlugin
2025-09-29 17:08:51,707 [INFO] PluginManager:220 - loadIPPluginJar : add gpio
2025-09-29 17:08:51,709 [INFO] IPUIPlugin:80 - create IPUIPlugin
2025-09-29 17:08:51,709 [INFO] PluginManager:220 - loadIPPluginJar : add gtzc
2025-09-29 17:08:51,712 [INFO] IPUIPlugin:80 - create IPUIPlugin
2025-09-29 17:08:51,713 [INFO] PluginManager:220 - loadIPPluginJar : add hash
2025-09-29 17:08:51,715 [INFO] IPUIPlugin:80 - create IPUIPlugin
2025-09-29 17:08:51,715 [INFO] PluginManager:220 - loadIPPluginJar : add i2c
2025-09-29 17:08:51,717 [INFO] IPUIPlugin:80 - create IPUIPlugin
2025-09-29 17:08:51,718 [INFO] PluginManager:220 - loadIPPluginJar : add i2s
2025-09-29 17:08:51,720 [INFO] IPUIPlugin:80 - create IPUIPlugin
2025-09-29 17:08:51,721 [INFO] PluginManager:220 - loadIPPluginJar : add i3c
2025-09-29 17:08:51,723 [INFO] IPUIPlugin:80 - create IPUIPlugin
2025-09-29 17:08:51,723 [INFO] PluginManager:220 - loadIPPluginJar : add ipddr
2025-09-29 17:08:51,729 [INFO] IPUIPlugin:80 - create IPUIPlugin
2025-09-29 17:08:51,729 [INFO] PluginManager:220 - loadIPPluginJar : add linkedlist
2025-09-29 17:08:51,735 [INFO] IPUIPlugin:80 - create IPUIPlugin
2025-09-29 17:08:51,735 [INFO] PluginManager:220 - loadIPPluginJar : add lorawan
2025-09-29 17:08:51,736 [INFO] IPUIPlugin:80 - create IPUIPlugin
2025-09-29 17:08:51,736 [INFO] PluginManager:220 - loadIPPluginJar : add ltdc
2025-09-29 17:08:51,740 [INFO] IPUIPlugin:80 - create IPUIPlugin
2025-09-29 17:08:51,741 [INFO] PluginManager:220 - loadIPPluginJar : add mdma
2025-09-29 17:08:51,743 [INFO] IPUIPlugin:80 - create IPUIPlugin
2025-09-29 17:08:51,744 [INFO] PluginManager:220 - loadIPPluginJar : add nvic
2025-09-29 17:08:51,747 [INFO] IPUIPlugin:80 - create IPUIPlugin
2025-09-29 17:08:51,747 [INFO] PluginManager:220 - loadIPPluginJar : add opamp
2025-09-29 17:08:51,750 [INFO] IPUIPlugin:80 - create IPUIPlugin
2025-09-29 17:08:51,750 [INFO] PluginManager:220 - loadIPPluginJar : add openamp
2025-09-29 17:08:51,753 [INFO] IPUIPlugin:80 - create IPUIPlugin
2025-09-29 17:08:51,753 [INFO] PluginManager:220 - loadIPPluginJar : add pdm2pcm
2025-09-29 17:08:51,758 [INFO] IPUIPlugin:80 - create IPUIPlugin
2025-09-29 17:08:51,760 [INFO] PluginManager:220 - loadIPPluginJar : add plateformsettings
2025-09-29 17:08:51,762 [INFO] IPUIPlugin:80 - create IPUIPlugin
2025-09-29 17:08:51,762 [INFO] PluginManager:220 - loadIPPluginJar : add quadspi
2025-09-29 17:08:51,764 [INFO] IPUIPlugin:80 - create IPUIPlugin
2025-09-29 17:08:51,765 [INFO] PluginManager:220 - loadIPPluginJar : add radio
2025-09-29 17:08:51,768 [INFO] IPUIPlugin:80 - create IPUIPlugin
2025-09-29 17:08:51,768 [INFO] PluginManager:220 - loadIPPluginJar : add resmgrutility
2025-09-29 17:08:51,772 [INFO] IPUIPlugin:80 - create IPUIPlugin
2025-09-29 17:08:51,772 [INFO] PluginManager:220 - loadIPPluginJar : add sai
2025-09-29 17:08:51,775 [INFO] IPUIPlugin:80 - create IPUIPlugin
2025-09-29 17:08:51,775 [INFO] PluginManager:220 - loadIPPluginJar : add spi
2025-09-29 17:08:51,781 [INFO] IPUIPlugin:80 - create IPUIPlugin
2025-09-29 17:08:51,782 [INFO] PluginManager:220 - loadIPPluginJar : add stm32_wpan
2025-09-29 17:08:51,783 [INFO] IPUIPlugin:80 - create IPUIPlugin
2025-09-29 17:08:51,784 [INFO] PluginManager:220 - loadIPPluginJar : add tim
2025-09-29 17:08:51,787 [INFO] IPUIPlugin:80 - create IPUIPlugin
2025-09-29 17:08:51,787 [INFO] PluginManager:220 - loadIPPluginJar : add touchsensing
2025-09-29 17:08:51,789 [INFO] IPUIPlugin:80 - create IPUIPlugin
2025-09-29 17:08:51,789 [INFO] PluginManager:220 - loadIPPluginJar : add tracer_emb
2025-09-29 17:08:51,791 [INFO] IPUIPlugin:80 - create IPUIPlugin
2025-09-29 17:08:51,791 [INFO] PluginManager:220 - loadIPPluginJar : add ts
2025-09-29 17:08:51,793 [INFO] IPUIPlugin:80 - create IPUIPlugin
2025-09-29 17:08:51,793 [INFO] PluginManager:220 - loadIPPluginJar : add tsc
2025-09-29 17:08:51,795 [INFO] IPUIPlugin:80 - create IPUIPlugin
2025-09-29 17:08:51,795 [INFO] PluginManager:220 - loadIPPluginJar : add ucpd
2025-09-29 17:08:51,798 [INFO] IPUIPlugin:80 - create IPUIPlugin
2025-09-29 17:08:51,798 [INFO] PluginManager:220 - loadIPPluginJar : add usart
2025-09-29 17:08:51,801 [INFO] IPUIPlugin:80 - create IPUIPlugin
2025-09-29 17:08:51,801 [INFO] PluginManager:220 - loadIPPluginJar : add usbx
2025-09-29 17:08:51,921 [FATAL] Updater:351 - Updater called before beeing initialized
2025-09-29 17:08:51,942 [INFO] RulesReader:64 - Compatibility file has been processed (317 Rules)
2025-09-29 17:08:51,953 [INFO] RulesReader:64 - Compatibility file has been processed (317 Rules)
2025-09-29 17:08:51,964 [INFO] CADModel:165 - CPN selected for project level
2025-09-29 17:08:51,964 [INFO] CADModel:114 - Register for checkConnection events
2025-09-29 17:08:51,964 [FATAL] Updater:351 - Updater called before beeing initialized
2025-09-29 17:08:51,964 [ERROR] CADModel:125 - Updater not yet initialized, retry later 
2025-09-29 17:08:52,097 [FATAL] Updater:351 - Updater called before beeing initialized
2025-09-29 17:08:52,098 [INFO] CADModel:165 - CPN selected for project level
2025-09-29 17:08:52,098 [INFO] CADModel:114 - Register for checkConnection events
2025-09-29 17:08:52,099 [FATAL] Updater:351 - Updater called before beeing initialized
2025-09-29 17:08:52,099 [ERROR] CADModel:125 - Updater not yet initialized, retry later 
2025-09-29 17:08:52,102 [FATAL] Updater:351 - Updater called before beeing initialized
2025-09-29 17:08:52,206 [FATAL] Updater:351 - Updater called before beeing initialized
2025-09-29 17:08:52,218 [INFO] DbMcusAds:53 - JSON generation date=Tue Jul 08 04:14:23 EDT 2025 (1751962463524)
2025-09-29 17:08:52,218 [FATAL] Updater:351 - Updater called before beeing initialized
2025-09-29 17:08:52,254 [WARN] DetailPanel:346 - Failed to get advertising image, set to default
2025-09-29 17:08:52,327 [FATAL] Updater:351 - Updater called before beeing initialized
2025-09-29 17:08:52,329 [FATAL] Updater:351 - Updater called before beeing initialized
2025-09-29 17:08:52,329 [FATAL] Updater:351 - Updater called before beeing initialized
2025-09-29 17:08:52,329 [WARN] DetailPanel:346 - Failed to get advertising image, set to default
2025-09-29 17:08:52,330 [FATAL] Updater:351 - Updater called before beeing initialized
2025-09-29 17:08:52,372 [ERROR] Updater:1198 - MainUpdater not yet initialized. External WinMGr cannot be set.
2025-09-29 17:08:52,374 [INFO] Updater:1134 - Updater Version found : 6.15.0
2025-09-29 17:08:52,388 [INFO] ApplicationProperties:184 - Using Application install path: C:\ST\STM32CubeIDE_1.19.0\STM32CubeIDE\plugins\com.st.stm32cube.common.mx_6.15.0.202507011659
2025-09-29 17:08:53,961 [ERROR] LogOutputStream:75 - [STDERR_REDIRECT] Sep 29, 2025 5:08:53 PM java.util.prefs.WindowsPreferences <init>
2025-09-29 17:08:53,962 [ERROR] LogOutputStream:75 - [STDERR_REDIRECT] WARNING: Could not open/create prefs root node Software\JavaSoft\Prefs at root 0xffffffff80000002. Windows RegCreateKeyEx(...) returned error code 5.
2025-09-29 17:08:53,962 [ERROR] LogOutputStream:75 - [STDERR_REDIRECT] 
2025-09-29 17:08:54,185 [INFO] ThirdPartyUpdaterWithRetryManager:70 - Updater plugin not ready yet. [2/15]
2025-09-29 17:08:54,332 [INFO] MainUpdater:2872 - connection check result : 10
2025-09-29 17:08:54,333 [INFO] MainUpdater:289 - Updater Check For Update Now.
2025-09-29 17:08:54,333 [INFO] MicroXplorer:498 - Change Database Version : DB.6.0.150
2025-09-29 17:08:54,346 [INFO] McuFinderGlobals:63 - Set McuFinder mode to 2 (CubeIDE integrated)
2025-09-29 17:08:54,346 [INFO] UserAuth:171 - activating auth plugin
2025-09-29 17:08:54,349 [INFO] UserAuth:487 - Internet connection configuration mode: 1
2025-09-29 17:08:54,394 [INFO] JxBrowserEngine:152 - Initiate JxBrowser Engine with user profile folder
2025-09-29 17:08:54,518 [INFO] CheckServerUpdateThread:120 - End of CheckServer Thread
2025-09-29 17:08:55,034 [INFO] WebApp:169 - Instantiating new browser for Auth
2025-09-29 17:08:55,596 [INFO] WebApp:463 - Apply proxy settings
2025-09-29 17:08:55,597 [INFO] WebApp:548 - Chromium requires no authentication
2025-09-29 17:08:55,604 [INFO] WebApp:491 - Direct internet connection detected
2025-09-29 17:08:55,622 [INFO] WebApp:900 - Register for checkConnection events
2025-09-29 17:08:55,622 [INFO] WebApp:463 - Apply proxy settings
2025-09-29 17:08:55,622 [INFO] WebApp:548 - Chromium requires no authentication
2025-09-29 17:08:55,623 [INFO] WebApp:491 - Direct internet connection detected
2025-09-29 17:08:55,773 [INFO] WebApp:225 - Starting web application
2025-09-29 17:08:55,773 [INFO] WebApp:593 - Web application path used C:\ST\STM32CubeIDE_1.19.0\STM32CubeIDE\plugins\com.st.stm32cube.common.mx_6.15.0.202507011659\db\plugins\mcufinder\reactClient1\index.html
2025-09-29 17:08:55,879 [INFO] WebApp:191 - Connection restablished
2025-09-29 17:08:57,437 [WARN] PackLoader:240 - Cannot read IP mode file for STMicroelectronics.FP-SNS-MOTENVWB1.1.4.0
2025-09-29 17:08:57,452 [WARN] PackLoader:240 - Cannot read IP mode file for STMicroelectronics.FP-ATR-ASTRA1.2.0.2
2025-09-29 17:08:57,462 [WARN] PackLoader:240 - Cannot read IP mode file for STMicroelectronics.X-CUBE-SMBUS.2.1.0
2025-09-29 17:08:57,468 [WARN] PackLoader:240 - Cannot read IP mode file for STMicroelectronics.X-CUBE-ST60.1.0.0
2025-09-29 17:08:57,515 [WARN] PackLoader:240 - Cannot read IP mode file for STMicroelectronics.X-CUBE-AZRTOS-F7.1.1.0
2025-09-29 17:08:57,557 [WARN] PackLoader:240 - Cannot read IP mode file for Infineon.AIROC-Wi-Fi-Bluetooth-STM32.1.7.0
2025-09-29 17:08:57,594 [WARN] PackLoader:240 - Cannot read IP mode file for Infineon.AIROC-Wi-Fi-Bluetooth-STM32.1.7.1
2025-09-29 17:08:57,629 [WARN] PackLoader:240 - Cannot read IP mode file for STMicroelectronics.X-CUBE-AZRTOS-H7.3.4.0
2025-09-29 17:08:57,642 [WARN] PackLoader:240 - Cannot read IP mode file for STMicroelectronics.X-CUBE-DISPLAY.3.0.0
2025-09-29 17:08:57,657 [WARN] PackLoader:240 - Cannot read IP mode file for STMicroelectronics.X-CUBE-NFC10.1.0.0
2025-09-29 17:08:57,670 [WARN] PackLoader:240 - Cannot read IP mode file for STMicroelectronics.X-CUBE-BLEMGR.4.0.0
2025-09-29 17:08:57,679 [WARN] PackLoader:240 - Cannot read IP mode file for emotas.I-CUBE-CANOPEN.1.3.0
2025-09-29 17:08:57,686 [WARN] ConditionMgr:438 - getConditionDescription Invalid condition id : Cortex-A Device cause : null
2025-09-29 17:08:57,703 [WARN] ConditionMgr:1044 - genDependencies : Invalid condition id : Cortex-A Device cause : null
2025-09-29 17:08:57,703 [WARN] ConditionMgr:1044 - genDependencies : Invalid condition id : Cortex-A Device cause : null
2025-09-29 17:08:57,704 [WARN] ConditionMgr:1044 - genDependencies : Invalid condition id : Cortex-A Device cause : null
2025-09-29 17:08:57,709 [WARN] PackLoader:240 - Cannot read IP mode file for STMicroelectronics.X-CUBE-AI.10.0.0
2025-09-29 17:08:57,728 [WARN] PackLoader:240 - Cannot read IP mode file for STMicroelectronics.FP-SNS-STBOX1.2.1.0
2025-09-29 17:08:57,738 [WARN] PackLoader:240 - Cannot read IP mode file for STMicroelectronics.FP-SNS-SMARTAG2.1.2.0
2025-09-29 17:08:57,745 [WARN] PackLoader:240 - Cannot read IP mode file for STMicroelectronics.FP-SNS-FLIGHT1.5.1.0
2025-09-29 17:08:57,792 [WARN] PackLoader:240 - Cannot read IP mode file for STMicroelectronics.X-CUBE-MEMS1.11.1.0
2025-09-29 17:08:57,914 [INFO] LogOutputStream:77 - [STDOUT_REDIRECT] 1 : Invalid condition id : UX_CORESTACK_Condition cause : null
2025-09-29 17:08:57,915 [INFO] LogOutputStream:77 - [STDOUT_REDIRECT] 1 : Invalid condition id : UX_CORESTACK_Condition cause : null
2025-09-29 17:08:57,917 [INFO] LogOutputStream:77 - [STDOUT_REDIRECT] 1 : Invalid condition id : UX_CORESTACK_Condition cause : null
2025-09-29 17:08:57,918 [INFO] LogOutputStream:77 - [STDOUT_REDIRECT] 1 : Invalid condition id : UX_CORESTACK_Condition cause : null
2025-09-29 17:08:57,920 [INFO] LogOutputStream:77 - [STDOUT_REDIRECT] 1 : Invalid condition id : UX_CORESTACK_Condition cause : null
2025-09-29 17:08:57,922 [WARN] PackLoader:240 - Cannot read IP mode file for STMicroelectronics.X-CUBE-AZRTOS-WL.2.0.0
2025-09-29 17:08:57,927 [WARN] PackLoader:240 - Cannot read IP mode file for STMicroelectronics.FP-SNS-MOTENV1.5.0.0
2025-09-29 17:08:57,938 [WARN] PackLoader:240 - Cannot read IP mode file for WES.I-CUBE-Cesium.1.3.0
2025-09-29 17:08:57,944 [WARN] PackLoader:240 - Cannot read IP mode file for STMicroelectronics.X-CUBE-BLE2.3.3.0
2025-09-29 17:08:57,950 [WARN] PackLoader:240 - Cannot read IP mode file for STMicroelectronics.X-CUBE-NFC9.1.0.0
2025-09-29 17:08:57,956 [WARN] PackLoader:240 - Cannot read IP mode file for wolfSSL.I-CUBE-wolfSSL.5.8.0
2025-09-29 17:08:57,960 [WARN] PackLoader:240 - Cannot read IP mode file for wolfSSL.I-CUBE-wolfSSL.5.8.2
2025-09-29 17:08:57,965 [WARN] PackLoader:240 - Cannot read IP mode file for STMicroelectronics.X-CUBE-BLE1.7.1.0
2025-09-29 17:08:57,969 [WARN] PackLoader:240 - Cannot read IP mode file for wolfSSL.I-CUBE-wolfMQTT.1.19.2
2025-09-29 17:08:57,975 [WARN] PackLoader:240 - Cannot read IP mode file for STMicroelectronics.X-CUBE-EEPRMA1.5.2.0
2025-09-29 17:08:57,979 [WARN] PackLoader:240 - Cannot read IP mode file for STMicroelectronics.X-CUBE-AI.10.1.0
2025-09-29 17:08:57,989 [WARN] PackLoader:240 - Cannot read IP mode file for STMicroelectronics.X-CUBE-AZRTOS-G0.1.1.0
2025-09-29 17:08:57,995 [WARN] PackLoader:240 - Cannot read IP mode file for STMicroelectronics.X-CUBE-SAFEA1.1.2.2
2025-09-29 17:08:58,000 [WARN] PackLoader:240 - Cannot read IP mode file for STMicroelectronics.X-CUBE-NFC4.3.0.0
2025-09-29 17:08:58,011 [WARN] PackLoader:240 - Cannot read IP mode file for EmbeddedOffice.I-CUBE-FS-RTOS.1.0.1
2025-09-29 17:08:58,019 [WARN] PackLoader:240 - Cannot read IP mode file for STMicroelectronics.X-CUBE-WB05N.2.0.0
2025-09-29 17:08:58,024 [WARN] PackLoader:240 - Cannot read IP mode file for wolfSSL.I-CUBE-wolfTPM.3.8.0
2025-09-29 17:08:58,032 [WARN] PackLoader:240 - Cannot read IP mode file for STMicroelectronics.X-CUBE-TCPP.4.2.0
2025-09-29 17:08:58,039 [WARN] PackLoader:240 - Cannot read IP mode file for RealThread.X-CUBE-RT-Thread_Nano.4.1.1
2025-09-29 17:08:58,046 [WARN] PackLoader:240 - Cannot read IP mode file for STMicroelectronics.FP-ATR-SIGFOX1.3.2.0
2025-09-29 17:08:58,075 [WARN] PackLoader:240 - Cannot read IP mode file for STMicroelectronics.X-CUBE-EEPRMA1.5.1.0
2025-09-29 17:08:58,088 [WARN] PackLoader:240 - Cannot read IP mode file for ITTIA_DB.I-CUBE-ITTIADB.8.9.0
2025-09-29 17:08:58,097 [WARN] PackLoader:240 - Cannot read IP mode file for STMicroelectronics.X-CUBE-ST67W61.1.0.0
2025-09-29 17:08:58,103 [WARN] PackLoader:240 - Cannot read IP mode file for STMicroelectronics.X-CUBE-AI.10.2.0
2025-09-29 17:08:58,123 [WARN] PackLoader:240 - Cannot read IP mode file for SEGGER.I-CUBE-embOS.1.3.1
2025-09-29 17:08:58,161 [WARN] PackLoader:240 - Cannot read IP mode file for STMicroelectronics.X-CUBE-ALGOBUILD.1.4.0
2025-09-29 17:08:58,192 [WARN] PackLoader:240 - Cannot read IP mode file for STMicroelectronics.X-CUBE-MEMS1.11.3.0
2025-09-29 17:08:58,275 [WARN] PackLoader:240 - Cannot read IP mode file for STMicroelectronics.X-CUBE-PM33A1.1.0.0
2025-09-29 17:08:58,286 [WARN] PackLoader:240 - Cannot read IP mode file for STMicroelectronics.X-CUBE-AZRTOS-F4.1.1.0
2025-09-29 17:08:58,291 [WARN] PackLoader:240 - Cannot read IP mode file for Avnet-IotConnect.X-CUBE-IoTC-DA16k-PMOD.1.0.0
2025-09-29 17:08:58,295 [WARN] PackLoader:240 - Cannot read IP mode file for STMicroelectronics.X-CUBE-ISPU.2.1.0
2025-09-29 17:08:58,300 [WARN] PackLoader:240 - Cannot read IP mode file for STMicroelectronics.X-CUBE-NFC12.1.0.0
2025-09-29 17:08:58,311 [WARN] PackLoader:240 - Cannot read IP mode file for STMicroelectronics.X-CUBE-AZRTOS-L5.2.0.0
2025-09-29 17:08:58,319 [WARN] PackLoader:240 - Cannot read IP mode file for STMicroelectronics.X-CUBE-NFC6.3.1.0
2025-09-29 17:08:58,325 [WARN] PackLoader:240 - Cannot read IP mode file for STMicroelectronics.X-CUBE-DPower.1.2.0
2025-09-29 17:08:58,330 [WARN] PackLoader:240 - Cannot read IP mode file for STMicroelectronics.X-CUBE-FREERTOS.1.3.1
2025-09-29 17:08:58,334 [WARN] PackLoader:240 - Cannot read IP mode file for STMicroelectronics.X-CUBE-FREERTOS.1.3.0
2025-09-29 17:08:58,339 [WARN] PackLoader:240 - Cannot read IP mode file for STMicroelectronics.X-CUBE-NFC7.1.0.1
2025-09-29 17:08:58,344 [WARN] PackLoader:240 - Cannot read IP mode file for STMicroelectronics.FP-SNS-STAIOTCFT.1.0.0
2025-09-29 17:08:58,349 [WARN] PackLoader:240 - Cannot read IP mode file for STMicroelectronics.X-CUBE-DPower.1.3.0
2025-09-29 17:08:58,360 [WARN] ConditionMgr:438 - getConditionDescription Invalid condition id : LAN8742 Phy interface Condition cause : null
2025-09-29 17:08:58,361 [WARN] PackLoader:240 - Cannot read IP mode file for STMicroelectronics.X-CUBE-AZRTOS-L4.2.0.0
2025-09-29 17:08:58,362 [WARN] ConditionMgr:1044 - genDependencies : Invalid condition id : LAN8742 Phy interface Condition cause : null
2025-09-29 17:08:58,362 [WARN] ConditionMgr:1044 - genDependencies : Invalid condition id : LAN8742 Phy interface Condition cause : null
2025-09-29 17:08:58,362 [WARN] ConditionMgr:1044 - genDependencies : Invalid condition id : LAN8742 Phy interface Condition cause : null
2025-09-29 17:08:58,368 [WARN] PackLoader:240 - Cannot read IP mode file for STMicroelectronics.X-CUBE-SFXS2LP1.4.0.0
2025-09-29 17:08:58,376 [WARN] PackLoader:240 - Cannot read IP mode file for STMicroelectronics.X-CUBE-BLEMGR.4.1.0
2025-09-29 17:08:58,386 [WARN] ConditionMgr:438 - getConditionDescription Invalid condition id : UX DEVICE CLASS RTOS Condition cause : null
2025-09-29 17:08:58,387 [WARN] ConditionMgr:438 - getConditionDescription Invalid condition id : UX DEVICE CLASS RTOS Condition cause : null
2025-09-29 17:08:58,388 [WARN] PackLoader:240 - Cannot read IP mode file for STMicroelectronics.X-CUBE-AZRTOS-WB.2.0.0
2025-09-29 17:08:58,389 [WARN] ConditionMgr:1044 - genDependencies : Invalid condition id : UX DEVICE CLASS RTOS Condition cause : null
2025-09-29 17:08:58,389 [WARN] ConditionMgr:1044 - genDependencies : Invalid condition id : UX DEVICE CLASS RTOS Condition cause : null
2025-09-29 17:08:58,389 [WARN] ConditionMgr:1044 - genDependencies : Invalid condition id : UX DEVICE CLASS RTOS Condition cause : null
2025-09-29 17:08:58,389 [WARN] ConditionMgr:1044 - genDependencies : Invalid condition id : UX DEVICE CLASS RTOS Condition cause : null
2025-09-29 17:08:58,389 [WARN] ConditionMgr:1044 - genDependencies : Invalid condition id : UX DEVICE CLASS RTOS Condition cause : null
2025-09-29 17:08:58,394 [WARN] PackLoader:240 - Cannot read IP mode file for STMicroelectronics.X-CUBE-GNSS1.7.0.1
2025-09-29 17:08:58,404 [WARN] PackLoader:240 - Cannot read IP mode file for STMicroelectronics.X-CUBE-TOUCHGFX.4.25.0
2025-09-29 17:08:58,408 [WARN] PackLoader:240 - Cannot read IP mode file for STMicroelectronics.FP-SNS-STBOX1.2.0.0
2025-09-29 17:08:58,413 [WARN] ConditionMgr:438 - getConditionDescription Invalid condition id : Cortex-A Device cause : null
2025-09-29 17:08:58,423 [WARN] ConditionMgr:1044 - genDependencies : Invalid condition id : Cortex-A Device cause : null
2025-09-29 17:08:58,423 [WARN] ConditionMgr:1044 - genDependencies : Invalid condition id : Cortex-A Device cause : null
2025-09-29 17:08:58,423 [WARN] ConditionMgr:1044 - genDependencies : Invalid condition id : Cortex-A Device cause : null
2025-09-29 17:08:58,432 [WARN] PackLoader:240 - Cannot read IP mode file for STMicroelectronics.X-CUBE-SUBG2.5.0.0
2025-09-29 17:08:58,458 [WARN] PackLoader:240 - Cannot read IP mode file for STMicroelectronics.X-CUBE-AZRTOS-H7RS.1.1.0
2025-09-29 17:08:58,465 [WARN] PackLoader:240 - Cannot read IP mode file for Cesanta.I-CUBE-Mongoose.7.13.0
2025-09-29 17:08:58,477 [WARN] PackLoader:240 - Cannot read IP mode file for STMicroelectronics.X-CUBE-AZRTOS-G4.2.0.0
2025-09-29 17:08:58,483 [WARN] PackLoader:240 - Cannot read IP mode file for wolfSSL.I-CUBE-wolfSSH.1.4.20
2025-09-29 17:08:58,487 [WARN] PackLoader:240 - Cannot read IP mode file for STMicroelectronics.X-CUBE-NFC7.2.0.0
2025-09-29 17:08:58,497 [WARN] PackLoader:240 - Cannot read IP mode file for STMicroelectronics.X-CUBE-IPS.3.1.0
2025-09-29 17:08:58,506 [WARN] PackLoader:240 - Cannot read IP mode file for STMicroelectronics.X-CUBE-ALS.1.0.2
2025-09-29 17:08:58,512 [WARN] PackLoader:240 - Cannot read IP mode file for portGmbH.I-Cube-SoM-uGOAL.1.1.0
2025-09-29 17:08:58,520 [WARN] PackLoader:240 - Cannot read IP mode file for STMicroelectronics.X-CUBE-TOF1.3.4.2
2025-09-29 17:08:58,536 [WARN] PackLoader:240 - Cannot read IP mode file for STMicroelectronics.X-CUBE-TOF1.3.4.3
2025-09-29 17:08:58,547 [INFO] ThirdParty:978 - Integrity check success = true
2025-09-29 17:08:58,547 [INFO] IntegrityCheckThread:100 - exiting critical section [integrity check]
2025-09-29 17:08:58,547 [INFO] IntegrityCheckThread:103 - End integrity checks thread
